// Jest Snapshot v1, https://goo.gl/fbAQLP

exports[`Matches the snapshot 1`] = `
<Component
  fetchMovies={[Function]}
>
  <Styled(button)
    onClick={[Function]}
  >
    <button
      className="css-12fl8ck"
      onClick={[Function]}
    >
      Refresh!
    </button>
  </Styled(button)>
</Component>
`;
