// Jest Snapshot v1, https://goo.gl/fbAQLP

exports[`Matches the snapshot 1`] = `
<Component
  movies={Array []}
>
  <Styled(ul)>
    <ul
      className="css-1l95nvm"
    />
  </Styled(ul)>
</Component>
`;
